// Jest Snapshot v1, https://goo.gl/fbAQLP

exports[`Card Libraries snapshot check 1`] = `
<Card
  description="and yes, there's no jQuery"
  title="Libraries"
>
  <CardElement
    description="a fetch library"
    title="axios"
    url="https://github.com/axios/axios"
  />
  <CardElement
    description="the mother of all underscore"
    title="lodash"
    url="https://lodash.com/"
  />
  <CardElement
    description="immutable, from heaven to hell and back"
    title="immutable"
    url="https://facebook.github.io/immutable-js/"
  />
</Card>
`;
