// Jest Snapshot v1, https://goo.gl/fbAQLP

exports[`Card Study snapshot check 1`] = `
<Card
  description="not enough? some more stuff"
  title="In-depth technological study"
>
  <CardElement
    description="really, are you serious?"
    title="project folder structure"
    url=""
  />
  <CardElement
    description="the redux source of power"
    title="middleware in redux"
    url=""
  />
  <CardElement
    description="how inheritance works in math"
    title="Higher Order Components"
    url=""
  />
  <CardElement
    description="redux-saga, redux-effects, redux-cycles"
    title="avoiding side effects"
    url=""
  />
  <CardElement
    description="I am root"
    title="npm and package.json"
    url=""
  />
  <CardElement
    description="FRP or F&RP, the long fight"
    title="Functional Reactive Programming"
    url=""
  />
</Card>
`;
