// Jest Snapshot v1, https://goo.gl/fbAQLP

exports[`Card Testing snapshot check 1`] = `
<Card
  description="the better you test, the longer you rest"
  title="Testing"
>
  <CardElement
    description="the test engine"
    onClick={[Function]}
    title="jest"
    url="https://facebook.github.io/jest/"
  />
  <CardElement
    description="design your components"
    onClick={[Function]}
    title="react-styleguidist"
    url="https://react-styleguidist.js.org/"
  />
  <CardElement
    description="test your components"
    onClick={[Function]}
    title="enzyme"
    url="https://github.com/airbnb/enzyme"
  />
</Card>
`;
