// Jest Snapshot v1, https://goo.gl/fbAQLP

exports[`Slide LOVS snapshot check 1`] = `
<styled.div>
  <styled.div>
    <CardDeveloperTools />
  </styled.div>
  <styled.div>
    <CardReact />
  </styled.div>
  <styled.div>
    <CardTesting />
  </styled.div>
  <styled.div>
    <CardRedux />
  </styled.div>
  <styled.div>
    <CardLibraries />
  </styled.div>
  <styled.div>
    <CardStudy />
  </styled.div>
</styled.div>
`;
