// Jest Snapshot v1, https://goo.gl/fbAQLP

exports[`LabelLink component simple label snapshot 1`] = `
<styled.div>
  <styled.a
    href="http://www.google.it/"
    target="_blank"
    title="http://www.google.it/"
  >
    Google
  </styled.a>
  <styled.div>
    One of the best search engine
  </styled.div>
</styled.div>
`;
